// Jest Snapshot v1, https://goo.gl/fbAQLP

exports[`Test in JornalEntries component SnapShot to JornalEntries component 1`] = `
<div
  className="jornal__entries"
>
  <div
    className="jornal__entry pointer animate__animated animate__fadeIn animate__faster"
    onClick={[Function]}
  >
    <div
      className="jornal__entry-body"
    >
      <p
        className="jornal__entry-title"
      >
        una nota
      </p>
      <p
        className="jornal__entry-content"
      >
        Esta es una nota de prueba
      </p>
    </div>
    <div
      className="jornal__entry-date-box"
    >
      <span>
        Wednesday
      </span>
      <h4>
        31st
      </h4>
    </div>
  </div>
  <div
    className="jornal__entry pointer animate__animated animate__fadeIn animate__faster"
    onClick={[Function]}
  >
    <div
      className="jornal__entry-body"
    >
      <p
        className="jornal__entry-title"
      >
        NOTA
      </p>
      <p
        className="jornal__entry-content"
      >
        Otra nota de prueba
      </p>
    </div>
    <div
      className="jornal__entry-date-box"
    >
      <span>
        Wednesday
      </span>
      <h4>
        31st
      </h4>
    </div>
  </div>
</div>
`;
